[    0.000000] Initializing cgroup subsys cpuset
[    0.000000] Initializing cgroup subsys cpu
[    0.000000] Initializing cgroup subsys cpuacct
[    0.000000] Linux version 4.4.0-210-generic (buildd@lgw01-amd64-009) (gcc version 5.4.0 20160609 (Ubuntu 5.4.0-6ubuntu1~16.04.12) ) #242-Ubuntu SMP Fri Apr 16 09:57:56 UTC 2021 (Ubuntu 4.4.0-210.242-generic 4.4.262)
[    0.000000] Command line: BOOT_IMAGE=/boot/vmlinuz-4.4.0-210-generic root=LABEL=cloudimg-rootfs ro console=tty1 console=ttyS0
[    0.000000] KERNEL supported cpus:
[    0.000000]   Intel GenuineIntel
[    0.000000]   AMD AuthenticAMD
[    0.000000]   Centaur CentaurHauls
[    0.000000] x86/fpu: xstate_offset[2]:  576, xstate_sizes[2]:  256
[    0.000000] x86/fpu: Supporting XSAVE feature 0x01: 'x87 floating point registers'
[    0.000000] x86/fpu: Supporting XSAVE feature 0x02: 'SSE registers'
[    0.000000] x86/fpu: Supporting XSAVE feature 0x04: 'AVX registers'
[    0.000000] x86/fpu: Enabled xstate features 0x7, context size is 832 bytes, using 'standard' format.
[    0.000000] e820: BIOS-provided physical RAM map:
[    0.000000] BIOS-e820: [mem 0x0000000000000000-0x000000000009fbff] usable
[    0.000000] BIOS-e820: [mem 0x000000000009fc00-0x000000000009ffff] reserved
[    0.000000] BIOS-e820: [mem 0x00000000000f0000-0x00000000000fffff] reserved
[    0.000000] BIOS-e820: [mem 0x0000000000100000-0x000000007ffeffff] usable
[    0.000000] BIOS-e820: [mem 0x000000007fff0000-0x000000007fffffff] ACPI data
[    0.000000] BIOS-e820: [mem 0x00000000fec00000-0x00000000fec00fff] reserved
[    0.000000] BIOS-e820: [mem 0x00000000fee00000-0x00000000fee00fff] reserved
[    0.000000] BIOS-e820: [mem 0x00000000fffc0000-0x00000000ffffffff] reserved
[    0.000000] NX (Execute Disable) protection: active
[    0.000000] SMBIOS 2.5 present.
[    0.000000] Hypervisor detected: KVM
[    0.000000] e820: last_pfn = 0x7fff0 max_arch_pfn = 0x400000000
[    0.000000] MTRR: Disabled
[    0.000000] x86/PAT: MTRRs disabled, skipping PAT initialization too.
[    0.000000] CPU MTRRs all blank - virtualized system.
[    0.000000] x86/PAT: Configuration [0-7]: WB  WT  UC- UC  WB  WT  UC- UC  
[    0.000000] found SMP MP-table at [mem 0x0009fff0-0x0009ffff] mapped at [ffff88000009fff0]
[    0.000000] Scanning 1 areas for low memory corruption
[    0.000000] RAMDISK: [mem 0x362dc000-0x37165fff]
[    0.000000] ACPI: Early table checksum verification disabled
[    0.000000] ACPI: RSDP 0x00000000000E0000 000024 (v02 VBOX  )
[    0.000000] ACPI: XSDT 0x000000007FFF0030 00003C (v01 VBOX   VBOXXSDT 00000001 ASL  00000061)
[    0.000000] ACPI: FACP 0x000000007FFF00F0 0000F4 (v04 VBOX   VBOXFACP 00000001 ASL  00000061)
[    0.000000] ACPI: DSDT 0x000000007FFF0470 002325 (v02 VBOX   VBOXBIOS 00000002 INTL 20100528)
[    0.000000] ACPI: FACS 0x000000007FFF0200 000040
[    0.000000] ACPI: FACS 0x000000007FFF0200 000040
[    0.000000] ACPI: APIC 0x000000007FFF0240 00005C (v02 VBOX   VBOXAPIC 00000001 ASL  00000061)
[    0.000000] ACPI: SSDT 0x000000007FFF02A0 0001CC (v01 VBOX   VBOXCPUT 00000002 INTL 20100528)
[    0.000000] No NUMA configuration found
[    0.000000] Faking a node at [mem 0x0000000000000000-0x000000007ffeffff]
[    0.000000] NODE_DATA(0) allocated [mem 0x7ffeb000-0x7ffeffff]
[    0.000000] kvm-clock: Using msrs 4b564d01 and 4b564d00
[    0.000000] kvm-clock: cpu 0, msr 0:7ffe3001, primary cpu clock
[    0.000000] kvm-clock: using sched offset of 6361915484 cycles
[    0.000000] clocksource: kvm-clock: mask: 0xffffffffffffffff max_cycles: 0x1cd42e4dffb, max_idle_ns: 881590591483 ns
[    0.000000] Zone ranges:
[    0.000000]   DMA      [mem 0x0000000000001000-0x0000000000ffffff]
[    0.000000]   DMA32    [mem 0x0000000001000000-0x000000007ffeffff]
[    0.000000]   Normal   empty
[    0.000000]   Device   empty
[    0.000000] Movable zone start for each node
[    0.000000] Early memory node ranges
[    0.000000]   node   0: [mem 0x0000000000001000-0x000000000009efff]
[    0.000000]   node   0: [mem 0x0000000000100000-0x000000007ffeffff]
[    0.000000] Initmem setup node 0 [mem 0x0000000000001000-0x000000007ffeffff]
[    0.000000] ACPI: PM-Timer IO Port: 0x4008
[    0.000000] IOAPIC[0]: apic_id 2, version 32, address 0xfec00000, GSI 0-23
[    0.000000] ACPI: INT_SRC_OVR (bus 0 bus_irq 0 global_irq 2 dfl dfl)
[    0.000000] ACPI: INT_SRC_OVR (bus 0 bus_irq 9 global_irq 9 low level)
[    0.000000] Using ACPI (MADT) for SMP configuration information
[    0.000000] smpboot: Allowing 2 CPUs, 0 hotplug CPUs
[    0.000000] PM: Registered nosave memory: [mem 0x00000000-0x00000fff]
[    0.000000] PM: Registered nosave memory: [mem 0x0009f000-0x0009ffff]
[    0.000000] PM: Registered nosave memory: [mem 0x000a0000-0x000effff]
[    0.000000] PM: Registered nosave memory: [mem 0x000f0000-0x000fffff]
[    0.000000] e820: [mem 0x80000000-0xfebfffff] available for PCI devices
[    0.000000] Booting paravirtualized kernel on KVM
[    0.000000] clocksource: refined-jiffies: mask: 0xffffffff max_cycles: 0xffffffff, max_idle_ns: 7645519600211568 ns
[    0.000000] setup_percpu: NR_CPUS:512 nr_cpumask_bits:512 nr_cpu_ids:2 nr_node_ids:1
[    0.000000] PERCPU: Embedded 33 pages/cpu @ffff88007fc00000 s95192 r8192 d31784 u1048576
[    0.000000] Built 1 zonelists in Node order, mobility grouping on.  Total pages: 515960
[    0.000000] Policy zone: DMA32
[    0.000000] Kernel command line: BOOT_IMAGE=/boot/vmlinuz-4.4.0-210-generic root=LABEL=cloudimg-rootfs ro console=tty1 console=ttyS0
[    0.000000] PID hash table entries: 4096 (order: 3, 32768 bytes)
[    0.000000] Memory: 2029984K/2096696K available (8644K kernel code, 1332K rwdata, 4044K rodata, 1492K init, 1164K bss, 66712K reserved, 0K cma-reserved)
[    0.000000] SLUB: HWalign=64, Order=0-3, MinObjects=0, CPUs=2, Nodes=1
[    0.000000] Kernel/User page tables isolation: enabled
[    0.000000] Hierarchical RCU implementation.
[    0.000000] 	Build-time adjustment of leaf fanout to 64.
[    0.000000] 	RCU restricting CPUs from NR_CPUS=512 to nr_cpu_ids=2.
[    0.000000] RCU: Adjusting geometry for rcu_fanout_leaf=64, nr_cpu_ids=2
[    0.000000] NR_IRQS:33024 nr_irqs:440 16
[    0.000000] Console: colour VGA+ 80x25
[    0.000000] console [tty1] enabled
[    0.000000] console [ttyS0] enabled
[    0.000000] tsc: Detected 3407.994 MHz processor
[    0.598969] Calibrating delay loop (skipped) preset value.. 6815.98 BogoMIPS (lpj=13631976)
[    0.605796] pid_max: default: 32768 minimum: 301
[    0.609865] ACPI: Core revision 20150930
[    0.616804] ACPI: 2 ACPI AML tables successfully acquired and loaded
[    0.621941] Security Framework initialized
[    0.625072] Yama: becoming mindful.
[    0.627842] AppArmor: AppArmor initialized
[    0.638297] Dentry cache hash table entries: 262144 (order: 9, 2097152 bytes)
[    0.644100] Inode-cache hash table entries: 131072 (order: 8, 1048576 bytes)
[    0.655090] Mount-cache hash table entries: 4096 (order: 3, 32768 bytes)
[    0.659485] Mountpoint-cache hash table entries: 4096 (order: 3, 32768 bytes)
[    0.663902] Initializing cgroup subsys io
[    0.666453] Initializing cgroup subsys memory
[    0.669300] Initializing cgroup subsys devices
[    0.672038] Initializing cgroup subsys freezer
[    0.674893] Initializing cgroup subsys net_cls
[    0.677628] Initializing cgroup subsys perf_event
[    0.680487] Initializing cgroup subsys net_prio
[    0.683441] Initializing cgroup subsys hugetlb
[    0.686578] Initializing cgroup subsys pids
[    0.691923] mce: CPU supports 0 MCE banks
[    0.694377] Last level iTLB entries: 4KB 64, 2MB 8, 4MB 8
[    0.698214] Last level dTLB entries: 4KB 64, 2MB 0, 4MB 0, 1GB 4
[    0.703550] Spectre V1 : Mitigation: usercopy/swapgs barriers and __user pointer sanitization
[    0.709943] Spectre V2 : Mitigation: Full generic retpoline
[    0.717683] Spectre V2 : Spectre v2 / SpectreRSB mitigation: Filling RSB on context switch
[    0.722930] Speculative Store Bypass: Vulnerable
[    0.725599] SRBDS: Unknown: Dependent on hypervisor status
[    0.729062] MDS: Mitigation: Clear CPU buffers
[    0.738698] Freeing SMP alternatives memory: 36K
[    0.756819] ftrace: allocating 32380 entries in 127 pages
[    0.923452] smpboot: APIC(0) Converting physical 0 to logical package 0
[    0.928098] smpboot: Max logical packages: 1
[    0.931585] x2apic enabled
[    0.934321] Switched APIC routing to physical x2apic.
[    0.941195] ..TIMER: vector=0x30 apic1=0 pin1=2 apic2=-1 pin2=-1
[    1.053248] smpboot: CPU0: Intel(R) Core(TM) i7-6700 CPU @ 3.40GHz (family: 0x6, model: 0x5e, stepping: 0x3)
[    1.062656] Performance Events: unsupported p6 CPU model 94 no PMU driver, software events only.
[    1.104315] KVM setup paravirtual spinlock
[    1.117771] x86: Booting SMP configuration:
[    1.121314] .... node  #0, CPUs:      #1
[    1.124580] kvm-clock: cpu 1, msr 0:7ffe3041, secondary cpu clock
[    1.130746] mce: CPU supports 0 MCE banks
[    1.135113] x86: Booted up 1 node, 2 CPUs
[    1.139443] smpboot: Total of 2 processors activated (13631.97 BogoMIPS)
[    1.146311] devtmpfs: initialized
[    1.153959] evm: security.selinux
[    1.156600] evm: security.SMACK64
[    1.159287] evm: security.SMACK64EXEC
[    1.162372] evm: security.SMACK64TRANSMUTE
[    1.165405] evm: security.SMACK64MMAP
[    1.169165] evm: security.ima
[    1.171905] evm: security.capability
[    1.175321] clocksource: jiffies: mask: 0xffffffff max_cycles: 0xffffffff, max_idle_ns: 7645041785100000 ns
[    1.182667] futex hash table entries: 512 (order: 3, 32768 bytes)
[    1.187946] pinctrl core: initialized pinctrl subsystem
[    1.192366] RTC time: 11:16:57, date: 04/13/22
[    1.196292] NET: Registered protocol family 16
[    1.212614] cpuidle: using governor ladder
[    1.227252] cpuidle: using governor menu
[    1.230391] PCCT header not found.
[    1.233443] ACPI: bus type PCI registered
[    1.237250] acpiphp: ACPI Hot Plug PCI Controller Driver version: 0.5
[    1.242228] PCI: Using configuration type 1 for base access
[    1.264684] ACPI: Added _OSI(Module Device)
[    1.268194] ACPI: Added _OSI(Processor Device)
[    1.271901] ACPI: Added _OSI(3.0 _SCP Extensions)
[    1.275725] ACPI: Added _OSI(Processor Aggregator Device)
[    1.281721] ACPI: Executed 1 blocks of module-level executable AML code
[    1.305652] ACPI: Interpreter enabled
[    1.308448] ACPI: (supports S0 S5)
[    1.310995] ACPI: Using IOAPIC for interrupt routing
[    1.314741] PCI: Using host bridge windows from ACPI; if necessary, use "pci=nocrs" and report a bug
[    1.339746] ACPI: PCI Root Bridge [PCI0] (domain 0000 [bus 00-ff])
[    1.345810] acpi PNP0A03:00: _OSC: OS supports [ASPM ClockPM Segments MSI]
[    1.352960] acpi PNP0A03:00: _OSC: not requesting OS control; OS requires [ExtendedConfig ASPM ClockPM MSI]
[    1.362065] acpi PNP0A03:00: fail to add MMCONFIG information, can't access extended PCI configuration space under this bridge.
[    1.372920] PCI host bridge to bus 0000:00
[    1.376915] pci_bus 0000:00: root bus resource [io  0x0000-0x0cf7 window]
[    1.382578] pci_bus 0000:00: root bus resource [io  0x0d00-0xffff window]
[    1.388431] pci_bus 0000:00: root bus resource [mem 0x000a0000-0x000bffff window]
[    1.395248] pci_bus 0000:00: root bus resource [mem 0x80000000-0xfdffffff window]
[    1.403252] pci_bus 0000:00: root bus resource [bus 00-ff]
[    1.414117] pci 0000:00:01.1: legacy IDE quirk: reg 0x10: [io  0x01f0-0x01f7]
[    1.420770] pci 0000:00:01.1: legacy IDE quirk: reg 0x14: [io  0x03f6]
[    1.425542] pci 0000:00:01.1: legacy IDE quirk: reg 0x18: [io  0x0170-0x0177]
[    1.477462] pci 0000:00:01.1: legacy IDE quirk: reg 0x1c: [io  0x0376]
[    1.545301] pci 0000:00:07.0: quirk: [io  0x4000-0x403f] claimed by PIIX4 ACPI
[    1.552543] pci 0000:00:07.0: quirk: [io  0x4100-0x410f] claimed by PIIX4 SMB
[    1.594375] ACPI: PCI Interrupt Link [LNKA] (IRQs 5 9 10 *11)
[    1.600609] ACPI: PCI Interrupt Link [LNKB] (IRQs 5 9 *10 11)
[    1.610087] ACPI: PCI Interrupt Link [LNKC] (IRQs 5 *9 10 11)
[    1.617801] ACPI: PCI Interrupt Link [LNKD] (IRQs 5 9 10 *11)
[    1.626986] ACPI: Enabled 2 GPEs in block 00 to 07
[    1.633050] vgaarb: setting as boot device: PCI:0000:00:02.0
[    1.638217] vgaarb: device added: PCI:0000:00:02.0,decodes=io+mem,owns=io+mem,locks=none
[    1.646149] vgaarb: loaded
[    1.649371] vgaarb: bridge control possible 0000:00:02.0
[    1.659752] SCSI subsystem initialized
[    1.664244] ACPI: bus type USB registered
[    1.670828] usbcore: registered new interface driver usbfs
[    1.676045] usbcore: registered new interface driver hub
[    1.679570] usbcore: registered new device driver usb
[    1.683694] PCI: Using ACPI for IRQ routing
[    1.688422] NetLabel: Initializing
[    1.692194] NetLabel:  domain hash size = 128
[    1.695636] NetLabel:  protocols = UNLABELED CIPSOv4
[    1.700535] NetLabel:  unlabeled traffic allowed by default
[    1.705331] amd_nb: Cannot enumerate AMD northbridges
[    1.709342] clocksource: Switched to clocksource kvm-clock
[    1.743477] AppArmor: AppArmor Filesystem Enabled
[    1.746974] pnp: PnP ACPI init
[    1.751934] pnp: PnP ACPI: found 3 devices
[    1.776369] clocksource: acpi_pm: mask: 0xffffff max_cycles: 0xffffff, max_idle_ns: 2085701024 ns
[    1.784752] NET: Registered protocol family 2
[    1.788858] TCP established hash table entries: 16384 (order: 5, 131072 bytes)
[    1.794938] TCP bind hash table entries: 16384 (order: 6, 262144 bytes)
[    1.799808] TCP: Hash tables configured (established 16384 bind 16384)
[    1.804682] UDP hash table entries: 1024 (order: 3, 32768 bytes)
[    1.808181] UDP-Lite hash table entries: 1024 (order: 3, 32768 bytes)
[    1.812062] NET: Registered protocol family 1
[    1.814872] pci 0000:00:00.0: Limiting direct PCI/PCI transfers
[    1.818612] pci 0000:00:01.0: Activating ISA DMA hang workarounds
[    1.822800] Unpacking initramfs...
[    2.457950] Freeing initrd memory: 14888K
[    2.460716] clocksource: tsc: mask: 0xffffffffffffffff max_cycles: 0x311fcde90a1, max_idle_ns: 440795222066 ns
[    2.467742] platform rtc_cmos: registered platform RTC device (no PNP device found)
[    2.474269] Scanning for low memory corruption every 60 seconds
[    2.479864] audit: initializing netlink subsys (disabled)
[    2.484120] audit: type=2000 audit(1649848626.438:1): initialized
[    2.488509] Initialise system trusted keyring
[    2.491826] HugeTLB registered 2 MB page size, pre-allocated 0 pages
[    2.499046] zbud: loaded
[    2.502076] VFS: Disk quotas dquot_6.6.0
[    2.504893] VFS: Dquot-cache hash table entries: 512 (order 0, 4096 bytes)
[    2.509573] squashfs: version 4.0 (2009/01/31) Phillip Lougher
[    2.513734] fuse init (API version 7.23)
[    2.516639] Key type big_key registered
[    2.519639] Allocating IMA MOK and blacklist keyrings.
[    2.525231] Key type asymmetric registered
[    2.528552] Asymmetric key parser 'x509' registered
[    2.532053] Block layer SCSI generic (bsg) driver version 0.4 loaded (major 249)
[    2.537812] io scheduler noop registered
[    2.540535] io scheduler deadline registered (default)
[    2.543843] io scheduler cfq registered
[    2.546712] pci_hotplug: PCI Hot Plug PCI Core version: 0.5
[    2.550648] pciehp: PCI Express Hot Plug Controller Driver version: 0.4
[    2.554963] ACPI: AC Adapter [AC] (on-line)
[    2.557993] input: Power Button as /devices/LNXSYSTM:00/LNXPWRBN:00/input/input0
[    2.563052] ACPI: Power Button [PWRF]
[    2.565801] input: Sleep Button as /devices/LNXSYSTM:00/LNXSLPBN:00/input/input1
[    2.572228] ACPI: Sleep Button [SLPF]
[    2.575552] GHES: HEST is not enabled!
[    2.578246] Serial: 8250/16550 driver, 32 ports, IRQ sharing enabled
[    2.604523] 00:02: ttyS0 at I/O 0x3f8 (irq = 4, base_baud = 115200) is a 16550A
[    2.612475] Linux agpgart interface v0.103
[    2.626694] loop: module loaded
[    2.630588] scsi host0: ata_piix
[    2.636655] scsi host1: ata_piix
[    2.639583] ata1: PATA max UDMA/33 cmd 0x1f0 ctl 0x3f6 bmdma 0xd000 irq 14
[    2.644949] ata2: PATA max UDMA/33 cmd 0x170 ctl 0x376 bmdma 0xd008 irq 15
[    2.652051] libphy: Fixed MDIO Bus: probed
[    2.656065] tun: Universal TUN/TAP device driver, 1.6
[    2.660266] tun: (C) 1999-2004 Max Krasnyansky <maxk@qualcomm.com>
[    2.664653] PPP generic driver version 2.4.2
[    2.669138] ehci_hcd: USB 2.0 'Enhanced' Host Controller (EHCI) Driver
[    2.674739] ehci-pci: EHCI PCI platform driver
[    2.678949] ehci-platform: EHCI generic platform driver
[    2.684054] ohci_hcd: USB 1.1 'Open' Host Controller (OHCI) Driver
[    2.689766] ohci-pci: OHCI PCI platform driver
[    2.693964] ohci-platform: OHCI generic platform driver
[    2.698195] uhci_hcd: USB Universal Host Controller Interface driver
[    2.703173] i8042: PNP: PS/2 Controller [PNP0303:PS2K,PNP0f03:PS2M] at 0x60,0x64 irq 1,12
[    2.711280] serio: i8042 KBD port at 0x60,0x64 irq 1
[    2.714563] serio: i8042 AUX port at 0x60,0x64 irq 12
[    2.718846] mousedev: PS/2 mouse device common for all mice
[    2.724409] input: AT Translated Set 2 keyboard as /devices/platform/i8042/serio0/input/input2
[    2.731389] rtc_cmos rtc_cmos: rtc core: registered rtc_cmos as rtc0
[    2.740236] rtc_cmos rtc_cmos: alarms up to one day, 114 bytes nvram
[    2.744311] i2c /dev entries driver
[    2.747086] device-mapper: uevent: version 1.0.3
[    2.750683] device-mapper: ioctl: 4.34.0-ioctl (2015-10-28) initialised: dm-devel@redhat.com
[    2.757464] ledtrig-cpu: registered to indicate activity on CPUs
[    2.762737] NET: Registered protocol family 10
[    2.766302] NET: Registered protocol family 17
[    2.770970] Key type dns_resolver registered
[    2.775005] registered taskstats version 1
[    2.778232] Loading compiled-in X.509 certificates
[    2.783326] Loaded X.509 cert 'Build time autogenerated kernel key: cf00e047681d67edb2720680708b7d9498083038'
[    2.791670] zswap: loaded using pool lzo/zbud
[    2.802210] Key type trusted registered
[    2.841650] Key type encrypted registered
[    2.846041] AppArmor: AppArmor sha1 policy hashing enabled
[    2.851656] ima: No TPM chip found, activating TPM-bypass!
[    2.855949] ima: Allocated hash algorithm: sha1
[    2.859604] evm: HMAC attrs: 0x1
[    2.863390]   Magic number: 2:848:276
[    2.866818] tty tty13: hash matches
[    2.871020] rtc_cmos rtc_cmos: setting system clock to 2022-04-13 11:16:59 UTC (1649848619)
[    2.878026] BIOS EDD facility v0.16 2004-Jun-25, 0 devices found
[    2.883641] EDD information not available.
[    2.892127] Freeing unused kernel memory: 1492K
[    2.915524] Write protecting the kernel read-only data: 14336k
[    2.922790] Freeing unused kernel memory: 1584K
[    2.928621] Freeing unused kernel memory: 52K
Loading, please wait...
starting version 229
[    2.975166] random: systemd-udevd: uninitialized urandom read (16 bytes read, 5 bits of entropy available)
[    2.977013] random: udevadm: uninitialized urandom read (16 bytes read, 5 bits of entropy available)
[    2.977076] random: udevadm: uninitialized urandom read (16 bytes read, 5 bits of entropy available)
[    3.004839] random: systemd-udevd: uninitialized urandom read (16 bytes read, 5 bits of entropy available)
[    3.010907] random: udevadm: uninitialized urandom read (16 bytes read, 5 bits of entropy available)
[    3.011056] random: udevadm: uninitialized urandom read (16 bytes read, 5 bits of entropy available)
[    3.011573] random: udevadm: uninitialized urandom read (16 bytes read, 5 bits of entropy available)
[    3.011763] random: udevadm: uninitialized urandom read (16 bytes read, 5 bits of entropy available)
[    3.012007] random: udevadm: uninitialized urandom read (16 bytes read, 5 bits of entropy available)
[    3.012191] random: udevadm: uninitialized urandom read (16 bytes read, 5 bits of entropy available)
[    3.224661] e1000: Intel(R) PRO/1000 Network Driver - version 7.3.21-k8-NAPI
[    3.230862] e1000: Copyright (c) 1999-2006 Intel Corporation.
[    3.238727] Fusion MPT base driver 3.04.20
[    3.242858] Copyright (c) 1999-2008 LSI Corporation
[    3.326285] Fusion MPT SPI Host driver 3.04.20
[    3.384035] AVX2 version of gcm_enc/dec engaged.
[    3.389079] AES CTR mode by8 optimization enabled
[    3.503031] input: ImExPS/2 Generic Explorer Mouse as /devices/platform/i8042/serio1/input/input4
[    4.097631] e1000 0000:00:03.0 eth0: (PCI:33MHz:32-bit) 02:be:82:6b:cc:1d
[    4.102751] e1000 0000:00:03.0 eth0: Intel(R) PRO/1000 Network Connection
[    5.269466] e1000 0000:00:08.0 eth1: (PCI:33MHz:32-bit) 08:00:27:e5:03:98
[    5.274633] e1000 0000:00:08.0 eth1: Intel(R) PRO/1000 Network Connection
[    5.281229] mptbase: ioc0: Initiating bringup
[    5.287973] e1000 0000:00:03.0 enp0s3: renamed from eth0
[    5.302068] e1000 0000:00:08.0 enp0s8: renamed from eth1
[    5.350507] ioc0: LSI53C1030 A0: Capabilities={Initiator}
[    5.516288] scsi host2: ioc0: LSI53C1030 A0, FwRev=00000000h, Ports=1, MaxQ=256, IRQ=20
[    5.634626] scsi 2:0:0:0: Direct-Access     VBOX     HARDDISK         1.0  PQ: 0 ANSI: 5
[    5.642355] scsi target2:0:0: Beginning Domain Validation
[    5.650347] scsi target2:0:0: Domain Validation skipping write tests
[    5.655152] scsi target2:0:0: Ending Domain Validation
[    5.659119] scsi target2:0:0: asynchronous
[    5.663086] scsi 2:0:1:0: Direct-Access     VBOX     HARDDISK         1.0  PQ: 0 ANSI: 5
[    5.703355] scsi target2:0:1: Beginning Domain Validation
[    5.714121] scsi target2:0:1: Domain Validation skipping write tests
[    5.718799] scsi target2:0:1: Ending Domain Validation
[    5.723568] scsi target2:0:1: asynchronous
[    5.755396] sd 2:0:0:0: Attached scsi generic sg0 type 0
[    5.759667] sd 2:0:0:0: [sda] 83886080 512-byte logical blocks: (42.9 GB/40.0 GiB)
[    5.768858] sd 2:0:1:0: Attached scsi generic sg1 type 0
[    5.770567] sd 2:0:0:0: [sda] Write Protect is off
[    5.770824] sd 2:0:0:0: [sda] Incomplete mode parameter data
[    5.770827] sd 2:0:0:0: [sda] Assuming drive cache: write through
[    5.773552] sd 2:0:1:0: [sdb] 20480 512-byte logical blocks: (10.5 MB/10.0 MiB)
[    5.773990] sd 2:0:1:0: [sdb] Write Protect is off
[    5.774300] sd 2:0:1:0: [sdb] Incomplete mode parameter data
[    5.774303] sd 2:0:1:0: [sdb] Assuming drive cache: write through
[    5.777016]  sda: sda1
[    5.778730] sd 2:0:0:0: [sda] Attached SCSI disk
[    5.781759] sd 2:0:1:0: [sdb] Attached SCSI disk
Begin: Loading essential drivers ... [    8.388896] md: linear personality registered for level -1
[    8.396521] md: multipath personality registered for level -4
[    8.404624] md: raid0 personality registered for level 0
[    8.415217] md: raid1 personality registered for level 1
[    8.493444] raid6: sse2x1   gen()  5065 MB/s
[    8.561443] raid6: sse2x1   xor()  3948 MB/s
[    8.629472] raid6: sse2x2   gen()  5818 MB/s
[    8.697461] raid6: sse2x2   xor()  3007 MB/s
[    8.765420] raid6: sse2x4   gen()  5451 MB/s
[    8.833442] raid6: sse2x4   xor()  4733 MB/s
[    8.901420] raid6: avx2x1   gen()  9785 MB/s
[    8.969440] raid6: avx2x2   gen()  8464 MB/s
[    9.037467] raid6: avx2x4   gen()  6870 MB/s
[    9.041743] raid6: using algorithm avx2x1 gen() 9785 MB/s
[    9.047316] raid6: using avx2x2 recovery algorithm
[    9.055091] xor: automatically using best checksumming function:
[    9.097494]    avx       :  6913.000 MB/sec
[    9.104713] async_tx: api initialized (async)
[    9.133274] md: raid6 personality registered for level 6
[    9.137676] md: raid5 personality registered for level 5
[    9.141593] md: raid4 personality registered for level 4
[    9.160984] md: raid10 personality registered for level 10
done.
Begin: Running /scripts/init-premount ... done.
Begin: Mounting root file system ... Begin: Running /scripts/local-top ... done.
Begin: Running /scripts/local-premount ... [    9.251023] Btrfs loaded
Scanning for Btrfs filesystems
done.
Warning: fsck not present, so skipping root file system
[    9.340062] EXT4-fs (sda1): mounted filesystem with ordered data mode. Opts: (null)
done.
Begin: Running /scripts/local-bottom ... done.
Begin: Running /scripts/init-bottom ... done.
[    9.660076] systemd[1]: systemd 229 running in system mode. (+PAM +AUDIT +SELINUX +IMA +APPARMOR +SMACK +SYSVINIT +UTMP +LIBCRYPTSETUP +GCRYPT +GNUTLS +ACL +XZ -LZ4 +SECCOMP +BLKID +ELFUTILS +KMOD -IDN)
[    9.677961] systemd[1]: Detected virtualization oracle.
[    9.685864] systemd[1]: Detected architecture x86-64.

Welcome to [1mUbuntu 16.04.7 LTS[0m!

[    9.710269] systemd[1]: Set hostname to <ubuntu>.
[    9.740234] systemd[1]: Initializing machine ID from random generator.
[    9.749493] systemd[1]: Installed transient /etc/machine-id file.
[   10.228049] systemd[1]: Listening on LVM2 poll daemon socket.
[[0;32m  OK  [0m] Listening on LVM2 poll daemon socket.
[   10.259615] systemd[1]: Set up automount Arbitrary Executable File Formats File System Automount Point.
[[0;32m  OK  [0m] Set up automount Arbitrary Executab...ats File System Automount Point.
[   10.284118] systemd[1]: Listening on udev Control Socket.
[[0;32m  OK  [0m] Listening on udev Control Socket.
[   10.299084] systemd[1]: Created slice System Slice.
[[0;32m  OK  [0m] Created slice System Slice.
[   10.312932] systemd[1]: Listening on Journal Audit Socket.
[[0;32m  OK  [0m] Listening on Journal Audit Socket.
[   10.323823] systemd[1]: Reached target Encrypted Volumes.
[[0;32m  OK  [0m] Reached target Encrypted Volumes.
[   10.343270] systemd[1]: Listening on /dev/initctl Compatibility Named Pipe.
[[0;32m  OK  [0m] Listening on /dev/initctl Compatibility Named Pipe.
[   10.364071] systemd[1]: Reached target System Time Synchronized.
[[0;32m  OK  [0m] Reached target System Time Synchronized.
[   10.377390] systemd[1]: Started Trigger resolvconf update for networkd DNS.
[[0;32m  OK  [0m] Started Trigger resolvconf update for networkd DNS.
[   10.390491] systemd[1]: Listening on LVM2 metadata daemon socket.
[[0;32m  OK  [0m] Listening on LVM2 metadata daemon socket.
[   10.401735] systemd[1]: Listening on Device-mapper event daemon FIFOs.
[[0;32m  OK  [0m] Listening on Device-mapper event daemon FIFOs.
[   10.411722] systemd[1]: Listening on Journal Socket (/dev/log).
[[0;32m  OK  [0m] Listening on Journal Socket (/dev/log).
[   10.423849] systemd[1]: Created slice system-serial\x2dgetty.slice.
[[0;32m  OK  [0m] Created slice system-serial\x2dgetty.slice.
[   10.433717] systemd[1]: Created slice User and Session Slice.
[[0;32m  OK  [0m] Created slice User and Session Slice.
[   10.447835] systemd[1]: Reached target User and Group Name Lookups.
[[0;32m  OK  [0m] [   10.460918] random: nonblocking pool is initialized
Reached target User and Group Name Lookups.
[   10.476355] systemd[1]: Listening on Journal Socket.
[[0;32m  OK  [0m] Listening on Journal Socket.
[   10.498006] systemd[1]: Starting Uncomplicated firewall...
         Starting Uncomplicated firewall...
[   10.511677] systemd[1]: Starting Load Kernel Modules...
         Starting Load Kernel Modules...
[   10.522802] systemd[1]: Starting Create list of required static device nodes for the current kernel...
         Starting Create list of required st... nodes for the current kernel...
[   10.540214] systemd[1]: Mounting Debug File System...
         Mounting Debug File System...
[   10.548525] systemd[1]: Starting Set console keymap...
         Starting Set console keymap...
[   10.566495] systemd[1]: Mounting POSIX Message Queue File System...
         Mounting POSIX Message Queue File System...
[   10.580779] systemd[1]: Starting Nameserver information manager...
[   10.592396] Loading iSCSI transport class v2.0-870.
         Starting Nameserver information manager...
[   10.611459] systemd[1]: Starting Monitoring of LVM2 mirrors, snapshots etc. using dmeventd or progress polling...
         Starting Monitoring of LVM2 mirrors... dmeventd or progress polling...
[   10.636431] iscsi: registered transport (tcp)
[   10.645657] systemd[1]: Mounting Huge Pages File System...
         Mounting Huge Pages File System...
[   10.665113] systemd[1]: Reached target Swap.
[[0;32m  OK  [0m] Reached target Swap.
[   10.679519] systemd[1]: Listening on udev Kernel Socket.
[[0;32m  OK  [0m] Listening on udev Kernel Socket.
[   10.705836] systemd[1]: Reached target Slices.
[[0;32m  OK  [0m] Reached target Slices.
[   10.715722] systemd[1]: Listening on Syslog Socket.
[[0;32m  OK  [0m] Listening on Syslog Socket.
[   10.746129] systemd[1]: Starting Journal Service...
         Starting Journal Service...
[   10.755689] systemd[1]: Started Forward Password Requests to Wall Directory Watch.
[[0;32m  OK  [0m] Started Forward Password Requests to Wall Directory Watch.
[   10.770657] systemd[1]: Listening on fsck to fsckd communication Socket.
[[0;32m  OK  [0m] Listening on fsck to fsckd communication Socket.
[   10.798489] iscsi: registered transport (iser)
[   10.809805] systemd[1]: Starting File System Check on Root Device...
         Starting File System Check on Root Device...
[   10.832651] systemd[1]: Mounted Huge Pages File System.
[[0;32m  OK  [0m] Mounted Huge Pages File System.
[   10.840289] systemd[1]: Mounted POSIX Message Queue File System.
[[0;32m  OK  [0m] Mounted POSIX Message Queue File System.
[   10.848731] systemd[1]: Mounted Debug File System.
[[0;32m  OK  [0m] Mounted Debug File System.
[   10.856732] systemd[1]: Started Uncomplicated firewall.
[[0;32m  OK  [0m] Started Uncomplicated firewall.
[   10.879248] systemd[1]: Started Load Kernel Modules.
[[0;32m  OK  [0m] Started Load Kernel Modules.
[   10.887591] systemd[1]: Started Create list of required static device nodes for the current kernel.
[[0;32m  OK  [0m] Started Create list of required sta...ce nodes for the current kernel.
[   10.901569] systemd[1]: Started Set console keymap.
[[0;32m  OK  [0m] Started Set console keymap.
[   10.924197] systemd[1]: Started File System Check on Root Device.
[[0;32m  OK  [0m] Started File System Check on Root Device.
[   10.933610] systemd[1]: Started Nameserver information manager.
[[0;32m  OK  [0m] Started Nameserver information manager.
[   10.949182] systemd[1]: Started Journal Service.
[[0;32m  OK  [0m] Started Journal Service.
[[0;32m  OK  [0m] Started File System Check Daemon to report status.
[[0;32m  OK  [0m] Started LVM2 metadata daemon.
         Starting Remount Root and Kernel File Systems...
         Starting Create Static Device Nodes in /dev...
         Starting Apply Kernel Variables...
         Mounting FUSE Control File System...
[   11.030714] EXT4-fs (sda1): re-mounted. Opts: (null)
[[0;32m  OK  [0m] Mounted FUSE Control File System.
[[0;32m  OK  [0m] Started Remount Root and Kernel File Systems.
         Starting Flush Journal to Persistent Storage...
         Starting Load/Save Random Seed...
         Starting udev Coldplug all Devices...
[[0;32m  OK  [0m] Started Create Static Device Nodes in /dev.
[[0;32m  OK  [0m] Started Apply Kernel Variables.
         Starting udev Kernel Device Manager...
[[0;32m  OK  [0m] Started Load/Save Random Seed.
[[0;32m  OK  [0m] Started Monitoring of LVM2 mirrors,...ng dmeventd or progress polling.
[[0;32m  OK  [0m] Reached target Local File Systems (Pre).
[[0;32m  OK  [0m] Reached target Local File Systems.
         Starting LSB: AppArmor initialization...
         Starting Set console font and keymap...
         Starting Initial cloud-init job (pre-networking)...
         Starting Commit a transient machine-id on disk...
         Starting Tell Plymouth To Write Out Runtime Data...
[[0;32m  OK  [0m] Started Flush Journal to Persistent Storage.
         Starting Create Volatile Files and Directories...
[[0;32m  OK  [0m] Started Tell Plymouth To Write Out Runtime Data.
[[0;32m  OK  [0m] Started udev Kernel Device Manager.
[[0;32m  OK  [0m] Started Commit a transient machine-id on disk.
[[0;32m  OK  [0m] Started Create Volatile Files and Directories.
         Starting Update UTMP about System Boot/Shutdown...
[[0;32m  OK  [0m] Started Update UTMP about System Boot/Shutdown.
[[0;32m  OK  [0m] Started udev Coldplug all Devices.
[[0;32m  OK  [0m] Started Dispatch Password Requests to Console Directory Watch.
[[0;32m  OK  [0m] Found device /dev/ttyS0.
[[0;32m  OK  [0m] Listening on Load/Save RF Kill Switch Status /dev/rfkill Watch.
[[0;32m  OK  [0m] Started Set console font and keymap.
[[0;32m  OK  [0m] Created slice system-getty.slice.
[   18.334172] cloud-init[480]: Cloud-init v. 21.1-19-gbad84ad4-0ubuntu1~16.04.2 running 'init-local' at Wed, 13 Apr 2022 11:17:13 +0000. Up 16.24 seconds.
[[0;32m  OK  [0m] Started Initial cloud-init job (pre-networking).
[[0;32m  OK  [0m] Reached target Network (Pre).
[[0;32m  OK  [0m] Started LSB: AppArmor initialization.
         Starting Raise network interfaces...
         Starting Load AppArmor profiles managed internally by snapd...
[[0;32m  OK  [0m] Started Load AppArmor profiles managed internally by snapd.
[[0;32m  OK  [0m] Started Raise network interfaces.
[[0;32m  OK  [0m] Reached target Network.
         Starting Initial cloud-init job (metadata service crawler)...
[   25.246378] cloud-init[977]: Cloud-init v. 21.1-19-gbad84ad4-0ubuntu1~16.04.2 running 'init' at Wed, 13 Apr 2022 11:17:20 +0000. Up 23.35 seconds.
[   25.255604] cloud-init[977]: ci-info: ++++++++++++++++++++++++++++++++++++++Net device info+++++++++++++++++++++++++++++++++++++++
[   25.264187] cloud-init[977]: ci-info: +--------+-------+----------------------------+---------------+--------+-------------------+
[   25.271777] cloud-init[977]: ci-info: | Device |   Up  |          Address           |      Mask     | Scope  |     Hw-Address    |
[   25.279090] cloud-init[977]: ci-info: +--------+-------+----------------------------+---------------+--------+-------------------+
[   25.286621] cloud-init[977]: ci-info: | enp0s3 |  True |         10.0.2.15          | 255.255.255.0 | global | 02:be:82:6b:cc:1d |
[   25.294222] cloud-init[977]: ci-info: | enp0s3 |  True | fe80::be:82ff:fe6b:cc1d/64 |       .       |  link  | 02:be:82:6b:cc:1d |
[   25.303801] cloud-init[977]: ci-info: | enp0s8 | False |             .              |       .       |   .    | 08:00:27:e5:03:98 |
[   25.311950] cloud-init[977]: ci-info: |   lo   |  True |         127.0.0.1          |   255.0.0.0   |  host  |         .         |
[   25.319252] cloud-init[977]: ci-info: |   lo   |  True |          ::1/128           |       .       |  host  |         .         |
[   25.326064] cloud-init[977]: ci-info: +--------+-------+----------------------------+---------------+--------+-------------------+
[   25.332753] cloud-init[977]: ci-info: +++++++++++++++++++++++++++Route IPv4 info++++++++++++++++++++++++++++
[   25.337784] cloud-init[977]: ci-info: +-------+-------------+----------+---------------+-----------+-------+
[   25.343393] cloud-init[977]: ci-info: | Route | Destination | Gateway  |    Genmask    | Interface | Flags |
[   25.350906] cloud-init[977]: ci-info: +-------+-------------+----------+---------------+-----------+-------+
[   25.357039] cloud-init[977]: ci-info: |   0   |   0.0.0.0   | 10.0.2.2 |    0.0.0.0    |   enp0s3  |   UG  |
[   25.363496] cloud-init[977]: ci-info: |   1   |   10.0.2.0  | 0.0.0.0  | 255.255.255.0 |   enp0s3  |   U   |
[   25.369508] cloud-init[977]: ci-info: +-------+-------------+----------+---------------+-----------+-------+[[0;32m  OK  [0m] Started Initial cloud-init job (metadata service crawler).
[   25.378147] cloud-init[977]: ci-info: +++++++++++++++++++Route IPv6 info+++++++++++++++++++
[   25.379136] cloud-init[977]: ci-info: +-------+-------------+---------+-----------+-------+
[   25.381721] cloud-init[977]: ci-info: | Route | Destination | Gateway | Interface | Flags |
[   25.382741] cloud-init[977]: ci-info: +-------+-------------+---------+-----------+-------+
[   25.384459] cloud-init[977]: ci-info: |   0   |  fe80::/64  |    ::   |   enp0s3  |   U   |
[   25.386037] cloud-init[977]: ci-info: |   4   |   ff00::/8  |    ::   |   enp0s3  |   U   |
[   25.387553] cloud-init[977]: ci-info: +-------+-------------+---------+-----------+-------+
[   25.389736] cloud-init[977]: Generating public/private rsa key pair.
[   25.391227] cloud-init[977]: Your identification has been saved in /etc/ssh/ssh_host_rsa_key.
[   25.395060] cloud-init[977]: Your public key has been saved in /etc/ssh/ssh_host_rsa_key.pub.
[   25.399237] cloud-init[977]: The key fingerprint is:
[   25.402889] cloud-init[977]: SHA256:YR/wvdBT4j2yceI9PEovWEudBytQgMzaeYZlqw5z1KQ root@ubuntu-xenial

[[0;32m  OK  [0m] Reached target Cloud-config availability.
[[0;32m  OK  [0m] Reached target System Initialization.
[   25.405892] cloud-init[977]: The key's randomart image is:
[[0;32m  OK  [0m] Started ACPI Events Check.
[[0;32m  OK  [0m] Reached target Paths.
[[0;32m  OK  [0m] Started Daily apt download activities.
[   25.434674] cloud-init[977]: +---[RSA 2048]----+
[   25.441464] cloud-init[977]: |       o....o .  |
[   25.443414] cloud-init[977]: |        +o+= +   |
[   25.450555]          Starting LXD - unix socket.
[[0;32m  OK  [0m] Started Daily Cleanup of Temporary Directories.
[[0;32m  OK  [0m] Started Ubuntu Advantage update messaging.
[[0;32m  OK  [0m] Started Message of the Day.
         Starting Socket activation for snappy daemon.
[[0;32m  OK  [0m] Listening on ACPID Listen Socket.
[[0;32m  OK  [0m] Listening on D-Bus System Message Bus Socket.
[[0;32m  OK  [0m] Started Daily apt upgrade and clean activities.
[[0;32m  OK  [0m] Reached target Timers.
[[0;32m  OK  [0m] Listening on UUID daemon activation socket.
[[0;32m  OK  [0m] Reached target Network is Online.
cloud-init[977]: |       ooO=.O =  |
[   25.481535] cloud-init[977]: |      ..Eo== % = |
[   25.485717] cloud-init[977]: |       .S+. O O .|         Starting iSCSI initiator daemon (iscsid)...
[[0;32m  OK  [0m] Listening on LXD - unix socket.
[[0;32m  OK  [0m] Listening on Socket activation for snappy daemon.
[[0;32m  OK  [0m] Reached target Sockets.

[   25.498817] cloud-init[977]: |      o o  = = + |
[   25.501529] cloud-init[977]: |       =  . + .  |
[   25.504651] cloud-init[977]: |        .    .   |[[0;32m  OK  [0m] Reached target Basic System.
         Starting System Logging Service...

[   25.513299] [[0;32m  OK  [0m] Started Regular background program processing daemon.
cloud-init[[0;32m  OK  [0m] Started D-Bus System Message Bus.
[977]: |                 |
[   25.536422] cloud-init[977]: +----[SHA256]-----+
[   25.540511] cloud-init[977]: Generating public/private dsa key pair.
[   25.545793] cloud-init[977]: Your identification has been saved in /etc/ssh/ssh_host_dsa_key.
[   25.553011] cloud-init[977]: Your public key has been saved in /etc/ssh/ssh_host_dsa_key.pub.
[   25.560369] cloud-init[977]: The key fingerprint is:
[   25.564004] cloud-init[977]: SHA256:1657dteGuorRGzQl+nrF4EsxsNMm3e7CmNSG3O9kA2I root@ubuntu-xenial
[   25.568940] cloud-init[977]: The key's randomart image is:
[   25.573327] cloud-init[977]: +---[DSA 1024]----+
[   25.576767] cloud-init[977]: |                 |
[   25.580746] cloud-init[977]: |        .        |
[   25.585206] cloud-init[977]: |         =...    |
[   25.589770] cloud-init[977]: |        +.B+.    |
[   25.594256] cloud-init[977]: |       .EO=*.    |
[   25.597795] cloud-init[977]: |       .+**++    |
[   25.601401] cloud-init[977]: |       ..*+==  ..|
[   25.605564] cloud-init[977]: |        o+=*=.o +|
[   25.611110] cloud-init[977]: |        o.=B++ o |
[   25.616340] cloud-init[977]: +----[SHA256]-----+
[   25.620352] cloud-init[977]: Generating public/private ecdsa key pair.
[   25.624129] cloud-init[977]: Your identification has been saved in /etc/ssh/ssh_host_ecdsa_key.
[   25.630054] cloud-init[977]: Your public key has been saved in /etc/ssh/ssh_host_ecdsa_key.pub.
[   25.635850] [[0;32m  OK  [0m] Started ACPI event daemon.
cloud-init[977]: The key fingerprint is:         Starting Pollinate to seed the pseudo random number generator...
         Starting Accounts Service...
[[0;32m  OK  [0m] Started FUSE filesystem for LXC.
         Starting /etc/rc.local Compatibility...

[   25.660830] cloud-init[977]: SHA256:QmOeR0uHneodhbGmFVkAAnP7MKB3tYXJUY9PE7FKiRI root@ubuntu-xenial
         Starting LSB: MD monitoring daemon...
         Starting Login Service...
[   25.683430]          Starting Snap Daemon...
[[0;32m  OK  [0m] Started Deferred execution scheduler.
cloud-init[977]: The key's randomart image is:         Starting LSB: Record successful boot for GRUB...

[   25.727009] cloud-init[977]: +---[ECDSA 256]---+
         Starting Virtualbox guest utils...
         Starting LXD - container startup/shutdown...
[[0;32m  OK  [0m] Started System Logging Service.
[[0;32m  OK  [0m] Started /etc/rc.local Compatibility.
[   25.769787] cloud-init[977]: |    +.E.+**++.   |
[[0;32m  OK  [0m] Started iSCSI initiator daemon (iscsid).
[   25.796043] cloud-init[977]: |   . + =+*.X o   |
[   25.816819] cloud-init[977]: |  . . X * % *    |
[   25.821338] cloud-init         Starting Login to default iSCSI targets...
[[0;32m  OK  [0m[977]: ] Started Login Service.
|   . = X O = .   |
[   25.854868] cloud-init[977]: |      + S o .    |
[   25.889876] cloud-init[977]: |       + . .     |
[[0;32m  OK  [0m] Started Unattended Upgrades Shutdown.
[[0;32m  OK  [0m] Started LSB: MD monitoring daemon.
[   25.903027] cloud-init[977]: |        . .      |
[   25.946861] cloud-init[977]: |                 |
[   25.992531] cloud-init[977]: |                 |
[   26.072310] cloud-init[977]: +----[SHA256]-----+
[   26.129173] cloud-init[977]: Generating public/private ed25519 key pair.
[   26.140845] cloud-init[977]: Your identification has been saved in /etc/ssh/ssh_host_ed25519_key.
[   26.173331]          Starting Authenticate and Authorize Users to Run Privileged Tasks...
cloud-init[[0;32m  OK  [0m] Started LSB: Record successful boot for GRUB.
[977]: Your public key has been saved in /etc/ssh/ssh_host_ed25519_key.pub.
[   26.223975] cloud-init[977]: The key fingerprint is:
[   26.256213] cloud-init[977]: SHA256:0Lc9tgg8B7oARF5sta5Y09a+DgOr5XjrmolWPDjOzTU root@ubuntu-xenial
[   26.271385] cloud-init[977]: The key's randomart image is:
[   26.281574] cloud-init[977]: +--[ED25519 256]--+
[   26.286188] cloud-init[977]: | .o....          |
[   26.318942] cloud-init[977]: | o .o  o         |
[[0;32m  OK  [0m] Started Login to default iSCSI targets.
[[0;32m  OK  [0m] Reached target Remote File Systems (Pre).
[[0;32m  OK  [0m] Reached target Remote File Systems.
[   26.407393] cloud-init[977]: |  o.  o o .      |
[   26.487388] cloud-init[977]: |   . o = o o     |
[   26.553467] cloud-init[977]: |  o = = S o +    |
[   26.561062] cloud-init[977]: | o * E o + o o   |
         Starting LSB: daemon to balance interrupts for SMP systems...
[   26.656921] cloud-init[977]: |o * * = . . .    |
[   26.686628] cloud-init[977]: | = X.  o .       |
         Starting LSB: Set the CPU Frequency Scaling governor to "ondemand"...
[   26.792496] cloud-init[977]: |o *++. .o        |
[   26.807814] cloud-init[977]: +----[SHA256]-----+
         Starting LSB: automatic crash report generation...
         Starting Permit User Sessions...
[[0;32m  OK  [0m] Started Permit User Sessions.
         Starting Terminate Plymouth Boot Screen...
         Starting Hold until boot process finishes up...
[[0;32m  OK  [0m] Started Authenticate and Authorize Users to Run Privileged Tasks.
[[0;32m  OK  [0m] Started LSB: Set the CPU Frequency Scaling governor to "ondemand".
[[0;32m  OK  [0m] Started Accounts Service.
[[0;32m  OK  [0m] Started Hold until boot process finishes up.
[[0;32m  OK  [0m] Started Terminate Plymouth Boot Screen.
[[0;32m  OK  [0m] Started Getty on tty1.
         Starting Set console scheme...
[[0;32m  OK  [0m] Started Serial Getty on ttyS0.
[[0;32m  OK  [0m] Reached target Login Prompts.
[[0;32m  OK  [0m] Started LSB: automatic crash report generation.
[[0;32m  OK  [0m] Started Set console scheme.
[[0;32m  OK  [0m] Started LXD - container startup/shutdown.
[[0;32m  OK  [0m] Started LSB: daemon to balance interrupts for SMP systems.
[[0;32m  OK  [0m] Started Virtualbox guest utils.
[[0;32m  OK  [0m] Started Snap Daemon.
         Starting Wait until snapd is fully seeded...
[[0;32m  OK  [0m] Started Pollinate to seed the pseudo random number generator.
         Starting OpenBSD Secure Shell server...
[[0;32m  OK  [0m] Started OpenBSD Secure Shell server.
[[0;32m  OK  [0m] Created slice User Slice of vagrant.
         Starting User Manager for UID 1000...
[[0;32m  OK  [0m] Started Session 1 of user vagrant.
[[0;32m  OK  [0m] Started User Manager for UID 1000.
[[0;32m  OK  [0m] Started Wait until snapd is fully seeded.
         Starting Apply the settings specified in cloud-config...
[[0;32m  OK  [0m] Reached target Multi-User System.
[[0;32m  OK  [0m] Reached target Graphical Interface.
         Starting Update UTMP about System Runlevel Changes...
[[0;32m  OK  [0m] Started Update UTMP about System Runlevel Changes.
[   33.090520] cloud-init[1398]: Generating locales (this might take a while)...

Ubuntu 16.04.7 LTS ubuntu-xenial ttyS0

ubuntu-xenial login: [   37.031984] cloud-init[1398]:   en_US.UTF-8... done
[   37.034883] cloud-init[1398]: Generation complete.
[   38.246110] cloud-init[1398]: Cloud-init v. 21.1-19-gbad84ad4-0ubuntu1~16.04.2 running 'modules:config' at Wed, 13 Apr 2022 11:17:29 +0000. Up 32.21 seconds.
ci-info: no authorized SSH keys fingerprints found for user ubuntu.
<14>Apr 13 11:17:37 ec2: 
<14>Apr 13 11:17:37 ec2: #############################################################
<14>Apr 13 11:17:37 ec2: -----BEGIN SSH HOST KEY FINGERPRINTS-----
<14>Apr 13 11:17:37 ec2: 1024 SHA256:1657dteGuorRGzQl+nrF4EsxsNMm3e7CmNSG3O9kA2I root@ubuntu-xenial (DSA)
<14>Apr 13 11:17:37 ec2: 256 SHA256:QmOeR0uHneodhbGmFVkAAnP7MKB3tYXJUY9PE7FKiRI root@ubuntu-xenial (ECDSA)
<14>Apr 13 11:17:37 ec2: 256 SHA256:0Lc9tgg8B7oARF5sta5Y09a+DgOr5XjrmolWPDjOzTU root@ubuntu-xenial (ED25519)
<14>Apr 13 11:17:37 ec2: 2048 SHA256:YR/wvdBT4j2yceI9PEovWEudBytQgMzaeYZlqw5z1KQ root@ubuntu-xenial (RSA)
<14>Apr 13 11:17:37 ec2: -----END SSH HOST KEY FINGERPRINTS-----
<14>Apr 13 11:17:37 ec2: #############################################################
-----BEGIN SSH HOST KEY KEYS-----
ecdsa-sha2-nistp256 AAAAE2VjZHNhLXNoYTItbmlzdHAyNTYAAAAIbmlzdHAyNTYAAABBBMvoXTdwUULB+agdQ5Y3FhCy3T2OdrVqqQFOKA/LPUxpEyKrC268paaR/I490LU3FwUS5pIQRru80byE885/4og= root@ubuntu-xenial
ssh-ed25519 AAAAC3NzaC1lZDI1NTE5AAAAILCkAAK8MXvDHZ5g+36j1raUqciHwuBnWpz69kbCorQR root@ubuntu-xenial
ssh-rsa AAAAB3NzaC1yc2EAAAADAQABAAABAQC8Y4qc/a2M0uro8pAwOHmH4U+qaxgmF7n0BGYDA+NENFKZ+IwAbZOUuQmOhE9fmrM1f/iHeUR2nURWaeOYJ5ogVRbFIAtLxFVXEev2K9z1yzBjwfBnBKuTU6pap+nawv6JSTbWeieNuBJQ3mRDHH68Ma3ZbdQf64WLl5LnmiBrr2/ImPaUaO4qpX2pHqrHu54WfMVrITjayPi08y5OeeNeS8qo1VqJ4jWzwxvFleQ5fk1lLtSyWZKxi50fmPY5iDxEkDyIFfGfoD6HR/mU/XHolgfhzy5moimh6Xf4gocgLcarMwo2/a1SozGVKEJV6gc9oYhP9H0iM0/0+UjzDztz root@ubuntu-xenial
-----END SSH HOST KEY KEYS-----
[   40.636672] cloud-init[1598]: Cloud-init v. 21.1-19-gbad84ad4-0ubuntu1~16.04.2 running 'modules:final' at Wed, 13 Apr 2022 11:17:37 +0000. Up 40.03 seconds.
[   40.652191] cloud-init[1598]: ci-info: no authorized SSH keys fingerprints found for user ubuntu.
[   40.660828] cloud-init[1598]: Cloud-init v. 21.1-19-gbad84ad4-0ubuntu1~16.04.2 finished at Wed, 13 Apr 2022 11:17:38 +0000. Datasource DataSourceNoCloud [seed=/dev/sdb][dsmode=net].  Up 40.60 seconds
